../Drivers/STM32L0xx_HAL_Driver/Inc/stm32l0xx_ll_usart.h:2608:26:LL_USART_IsActiveFlag_RXNE	16	static
../Drivers/STM32L0xx_HAL_Driver/Inc/stm32l0xx_ll_usart.h:3604:25:LL_USART_ReceiveData8	16	static
../Src/stm32l0xx_it.c:72:6:NMI_Handler	8	static
../Src/stm32l0xx_it.c:85:6:HardFault_Handler	8	static
../Src/stm32l0xx_it.c:100:6:SVC_Handler	8	static
../Src/stm32l0xx_it.c:113:6:PendSV_Handler	8	static
../Src/stm32l0xx_it.c:126:6:SysTick_Handler	8	static
../Src/stm32l0xx_it.c:155:6:USART2_IRQHandler	8	static
../Src/stm32l0xx_it.c:169:6:getchInit	8	static
../Src/stm32l0xx_it.c:176:9:getch	16	static,ignoring_inline_asm
../Src/stm32l0xx_it.c:194:5:kbhit	8	static
